// Jest Snapshot v1, https://goo.gl/fbAQLP

exports[`Card Should match the snapshot 1`] = `
ShallowWrapper {
  "length": 1,
  Symbol(enzyme.__root__): [Circular],
  Symbol(enzyme.__unrendered__): <Card
    movies={
      Array [
        Object {
          "favorite": false,
          "movie_id": 198663,
          "overview": "Set in a post-apocalyptic world, young Thomas is deposited in a community of boys after his memory is erased, soon learning they're all trapped in a maze that will require him to join forces with fellow “runners” for a shot at escape.",
          "poster_path": "https://image.tmdb.org/t/p/w500/coss7RgL0NH6g4fC2s5atvf3dFO.jpg",
          "release_date": "2014",
          "title": "The Maze Runner",
          "vote_average": 7,
        },
        Object {
          "favorite": false,
          "movie_id": 211672,
          "overview": "Minions Stuart, Kevin and Bob are recruited by Scarlet Overkill, a super-villain who, alongside her inventor husband Herb, hatches a plot to take over the world.",
          "poster_path": "https://image.tmdb.org/t/p/w500/q0R4crx2SehcEEQEkYObktdeFy.jpg",
          "release_date": "2015",
          "title": "Minions",
          "vote_average": 6.4,
        },
      ]
    }
  />,
  Symbol(enzyme.__renderer__): Object {
    "batchedUpdates": [Function],
    "getNode": [Function],
    "render": [Function],
    "simulateEvent": [Function],
    "unmount": [Function],
  },
  Symbol(enzyme.__node__): Object {
    "instance": null,
    "key": undefined,
    "nodeType": "host",
    "props": Object {
      "children": Array [
        <div
          className="Card flip-container"
        >
          <div
            className="posterWrapper flipper"
          >
            <button
              className="front"
            >
              ★
            </button>
            <button
              className="back"
              id={undefined}
              onClick={[Function]}
            >
              ★
            </button>
            <img
              alt="Movie poster from The Maze Runner"
              className="front"
              src="https://image.tmdb.org/t/p/w500/coss7RgL0NH6g4fC2s5atvf3dFO.jpg"
            />
            <div
              className="textBox back"
            >
              <h1
                className="movie-title"
              >
                The Maze Runner
              </h1>
              <p
                className="date"
              >
                2014
              </p>
              <p
                className="rating"
              >
                Rating: 7 / 10
              </p>
              <p>
                Set in a post-apocalyptic world, young Thomas is deposited in a community of boys after his memory is erased, soon learning they're all trapped in a maze that will require him to join forces with fellow “runners” for a shot at escape.
              </p>
            </div>
          </div>
        </div>,
        <div
          className="Card flip-container"
        >
          <div
            className="posterWrapper flipper"
          >
            <button
              className="front"
            >
              ★
            </button>
            <button
              className="back"
              id={undefined}
              onClick={[Function]}
            >
              ★
            </button>
            <img
              alt="Movie poster from Minions"
              className="front"
              src="https://image.tmdb.org/t/p/w500/q0R4crx2SehcEEQEkYObktdeFy.jpg"
            />
            <div
              className="textBox back"
            >
              <h1
                className="movie-title"
              >
                Minions
              </h1>
              <p
                className="date"
              >
                2015
              </p>
              <p
                className="rating"
              >
                Rating: 6.4 / 10
              </p>
              <p>
                Minions Stuart, Kevin and Bob are recruited by Scarlet Overkill, a super-villain who, alongside her inventor husband Herb, hatches a plot to take over the world.
              </p>
            </div>
          </div>
        </div>,
      ],
      "className": "cardWrapper",
    },
    "ref": null,
    "rendered": Array [
      Object {
        "instance": null,
        "key": "0",
        "nodeType": "host",
        "props": Object {
          "children": <div
            className="posterWrapper flipper"
          >
            <button
              className="front"
            >
              ★
            </button>
            <button
              className="back"
              id={undefined}
              onClick={[Function]}
            >
              ★
            </button>
            <img
              alt="Movie poster from The Maze Runner"
              className="front"
              src="https://image.tmdb.org/t/p/w500/coss7RgL0NH6g4fC2s5atvf3dFO.jpg"
            />
            <div
              className="textBox back"
            >
              <h1
                className="movie-title"
              >
                The Maze Runner
              </h1>
              <p
                className="date"
              >
                2014
              </p>
              <p
                className="rating"
              >
                Rating: 7 / 10
              </p>
              <p>
                Set in a post-apocalyptic world, young Thomas is deposited in a community of boys after his memory is erased, soon learning they're all trapped in a maze that will require him to join forces with fellow “runners” for a shot at escape.
              </p>
            </div>
          </div>,
          "className": "Card flip-container",
        },
        "ref": null,
        "rendered": Object {
          "instance": null,
          "key": undefined,
          "nodeType": "host",
          "props": Object {
            "children": Array [
              <button
                className="front"
              >
                ★
              </button>,
              <button
                className="back"
                id={undefined}
                onClick={[Function]}
              >
                ★
              </button>,
              <img
                alt="Movie poster from The Maze Runner"
                className="front"
                src="https://image.tmdb.org/t/p/w500/coss7RgL0NH6g4fC2s5atvf3dFO.jpg"
              />,
              <div
                className="textBox back"
              >
                <h1
                  className="movie-title"
                >
                  The Maze Runner
                </h1>
                <p
                  className="date"
                >
                  2014
                </p>
                <p
                  className="rating"
                >
                  Rating: 7 / 10
                </p>
                <p>
                  Set in a post-apocalyptic world, young Thomas is deposited in a community of boys after his memory is erased, soon learning they're all trapped in a maze that will require him to join forces with fellow “runners” for a shot at escape.
                </p>
              </div>,
            ],
            "className": "posterWrapper flipper",
          },
          "ref": null,
          "rendered": Array [
            Object {
              "instance": null,
              "key": undefined,
              "nodeType": "host",
              "props": Object {
                "children": "★",
                "className": "front",
              },
              "ref": null,
              "rendered": "★",
              "type": "button",
            },
            Object {
              "instance": null,
              "key": undefined,
              "nodeType": "host",
              "props": Object {
                "children": "★",
                "className": "back",
                "id": undefined,
                "onClick": [Function],
              },
              "ref": null,
              "rendered": "★",
              "type": "button",
            },
            Object {
              "instance": null,
              "key": undefined,
              "nodeType": "host",
              "props": Object {
                "alt": "Movie poster from The Maze Runner",
                "className": "front",
                "src": "https://image.tmdb.org/t/p/w500/coss7RgL0NH6g4fC2s5atvf3dFO.jpg",
              },
              "ref": null,
              "rendered": null,
              "type": "img",
            },
            Object {
              "instance": null,
              "key": undefined,
              "nodeType": "host",
              "props": Object {
                "children": Array [
                  <h1
                    className="movie-title"
                  >
                    The Maze Runner
                  </h1>,
                  <p
                    className="date"
                  >
                    2014
                  </p>,
                  <p
                    className="rating"
                  >
                    Rating: 7 / 10
                  </p>,
                  <p>
                    Set in a post-apocalyptic world, young Thomas is deposited in a community of boys after his memory is erased, soon learning they're all trapped in a maze that will require him to join forces with fellow “runners” for a shot at escape.
                  </p>,
                ],
                "className": "textBox back",
              },
              "ref": null,
              "rendered": Array [
                Object {
                  "instance": null,
                  "key": undefined,
                  "nodeType": "host",
                  "props": Object {
                    "children": "The Maze Runner",
                    "className": "movie-title",
                  },
                  "ref": null,
                  "rendered": "The Maze Runner",
                  "type": "h1",
                },
                Object {
                  "instance": null,
                  "key": undefined,
                  "nodeType": "host",
                  "props": Object {
                    "children": "2014",
                    "className": "date",
                  },
                  "ref": null,
                  "rendered": "2014",
                  "type": "p",
                },
                Object {
                  "instance": null,
                  "key": undefined,
                  "nodeType": "host",
                  "props": Object {
                    "children": "Rating: 7 / 10",
                    "className": "rating",
                  },
                  "ref": null,
                  "rendered": "Rating: 7 / 10",
                  "type": "p",
                },
                Object {
                  "instance": null,
                  "key": undefined,
                  "nodeType": "host",
                  "props": Object {
                    "children": "Set in a post-apocalyptic world, young Thomas is deposited in a community of boys after his memory is erased, soon learning they're all trapped in a maze that will require him to join forces with fellow “runners” for a shot at escape.",
                  },
                  "ref": null,
                  "rendered": "Set in a post-apocalyptic world, young Thomas is deposited in a community of boys after his memory is erased, soon learning they're all trapped in a maze that will require him to join forces with fellow “runners” for a shot at escape.",
                  "type": "p",
                },
              ],
              "type": "div",
            },
          ],
          "type": "div",
        },
        "type": "div",
      },
      Object {
        "instance": null,
        "key": "1",
        "nodeType": "host",
        "props": Object {
          "children": <div
            className="posterWrapper flipper"
          >
            <button
              className="front"
            >
              ★
            </button>
            <button
              className="back"
              id={undefined}
              onClick={[Function]}
            >
              ★
            </button>
            <img
              alt="Movie poster from Minions"
              className="front"
              src="https://image.tmdb.org/t/p/w500/q0R4crx2SehcEEQEkYObktdeFy.jpg"
            />
            <div
              className="textBox back"
            >
              <h1
                className="movie-title"
              >
                Minions
              </h1>
              <p
                className="date"
              >
                2015
              </p>
              <p
                className="rating"
              >
                Rating: 6.4 / 10
              </p>
              <p>
                Minions Stuart, Kevin and Bob are recruited by Scarlet Overkill, a super-villain who, alongside her inventor husband Herb, hatches a plot to take over the world.
              </p>
            </div>
          </div>,
          "className": "Card flip-container",
        },
        "ref": null,
        "rendered": Object {
          "instance": null,
          "key": undefined,
          "nodeType": "host",
          "props": Object {
            "children": Array [
              <button
                className="front"
              >
                ★
              </button>,
              <button
                className="back"
                id={undefined}
                onClick={[Function]}
              >
                ★
              </button>,
              <img
                alt="Movie poster from Minions"
                className="front"
                src="https://image.tmdb.org/t/p/w500/q0R4crx2SehcEEQEkYObktdeFy.jpg"
              />,
              <div
                className="textBox back"
              >
                <h1
                  className="movie-title"
                >
                  Minions
                </h1>
                <p
                  className="date"
                >
                  2015
                </p>
                <p
                  className="rating"
                >
                  Rating: 6.4 / 10
                </p>
                <p>
                  Minions Stuart, Kevin and Bob are recruited by Scarlet Overkill, a super-villain who, alongside her inventor husband Herb, hatches a plot to take over the world.
                </p>
              </div>,
            ],
            "className": "posterWrapper flipper",
          },
          "ref": null,
          "rendered": Array [
            Object {
              "instance": null,
              "key": undefined,
              "nodeType": "host",
              "props": Object {
                "children": "★",
                "className": "front",
              },
              "ref": null,
              "rendered": "★",
              "type": "button",
            },
            Object {
              "instance": null,
              "key": undefined,
              "nodeType": "host",
              "props": Object {
                "children": "★",
                "className": "back",
                "id": undefined,
                "onClick": [Function],
              },
              "ref": null,
              "rendered": "★",
              "type": "button",
            },
            Object {
              "instance": null,
              "key": undefined,
              "nodeType": "host",
              "props": Object {
                "alt": "Movie poster from Minions",
                "className": "front",
                "src": "https://image.tmdb.org/t/p/w500/q0R4crx2SehcEEQEkYObktdeFy.jpg",
              },
              "ref": null,
              "rendered": null,
              "type": "img",
            },
            Object {
              "instance": null,
              "key": undefined,
              "nodeType": "host",
              "props": Object {
                "children": Array [
                  <h1
                    className="movie-title"
                  >
                    Minions
                  </h1>,
                  <p
                    className="date"
                  >
                    2015
                  </p>,
                  <p
                    className="rating"
                  >
                    Rating: 6.4 / 10
                  </p>,
                  <p>
                    Minions Stuart, Kevin and Bob are recruited by Scarlet Overkill, a super-villain who, alongside her inventor husband Herb, hatches a plot to take over the world.
                  </p>,
                ],
                "className": "textBox back",
              },
              "ref": null,
              "rendered": Array [
                Object {
                  "instance": null,
                  "key": undefined,
                  "nodeType": "host",
                  "props": Object {
                    "children": "Minions",
                    "className": "movie-title",
                  },
                  "ref": null,
                  "rendered": "Minions",
                  "type": "h1",
                },
                Object {
                  "instance": null,
                  "key": undefined,
                  "nodeType": "host",
                  "props": Object {
                    "children": "2015",
                    "className": "date",
                  },
                  "ref": null,
                  "rendered": "2015",
                  "type": "p",
                },
                Object {
                  "instance": null,
                  "key": undefined,
                  "nodeType": "host",
                  "props": Object {
                    "children": "Rating: 6.4 / 10",
                    "className": "rating",
                  },
                  "ref": null,
                  "rendered": "Rating: 6.4 / 10",
                  "type": "p",
                },
                Object {
                  "instance": null,
                  "key": undefined,
                  "nodeType": "host",
                  "props": Object {
                    "children": "Minions Stuart, Kevin and Bob are recruited by Scarlet Overkill, a super-villain who, alongside her inventor husband Herb, hatches a plot to take over the world.",
                  },
                  "ref": null,
                  "rendered": "Minions Stuart, Kevin and Bob are recruited by Scarlet Overkill, a super-villain who, alongside her inventor husband Herb, hatches a plot to take over the world.",
                  "type": "p",
                },
              ],
              "type": "div",
            },
          ],
          "type": "div",
        },
        "type": "div",
      },
    ],
    "type": "div",
  },
  Symbol(enzyme.__nodes__): Array [
    Object {
      "instance": null,
      "key": undefined,
      "nodeType": "host",
      "props": Object {
        "children": Array [
          <div
            className="Card flip-container"
          >
            <div
              className="posterWrapper flipper"
            >
              <button
                className="front"
              >
                ★
              </button>
              <button
                className="back"
                id={undefined}
                onClick={[Function]}
              >
                ★
              </button>
              <img
                alt="Movie poster from The Maze Runner"
                className="front"
                src="https://image.tmdb.org/t/p/w500/coss7RgL0NH6g4fC2s5atvf3dFO.jpg"
              />
              <div
                className="textBox back"
              >
                <h1
                  className="movie-title"
                >
                  The Maze Runner
                </h1>
                <p
                  className="date"
                >
                  2014
                </p>
                <p
                  className="rating"
                >
                  Rating: 7 / 10
                </p>
                <p>
                  Set in a post-apocalyptic world, young Thomas is deposited in a community of boys after his memory is erased, soon learning they're all trapped in a maze that will require him to join forces with fellow “runners” for a shot at escape.
                </p>
              </div>
            </div>
          </div>,
          <div
            className="Card flip-container"
          >
            <div
              className="posterWrapper flipper"
            >
              <button
                className="front"
              >
                ★
              </button>
              <button
                className="back"
                id={undefined}
                onClick={[Function]}
              >
                ★
              </button>
              <img
                alt="Movie poster from Minions"
                className="front"
                src="https://image.tmdb.org/t/p/w500/q0R4crx2SehcEEQEkYObktdeFy.jpg"
              />
              <div
                className="textBox back"
              >
                <h1
                  className="movie-title"
                >
                  Minions
                </h1>
                <p
                  className="date"
                >
                  2015
                </p>
                <p
                  className="rating"
                >
                  Rating: 6.4 / 10
                </p>
                <p>
                  Minions Stuart, Kevin and Bob are recruited by Scarlet Overkill, a super-villain who, alongside her inventor husband Herb, hatches a plot to take over the world.
                </p>
              </div>
            </div>
          </div>,
        ],
        "className": "cardWrapper",
      },
      "ref": null,
      "rendered": Array [
        Object {
          "instance": null,
          "key": "0",
          "nodeType": "host",
          "props": Object {
            "children": <div
              className="posterWrapper flipper"
            >
              <button
                className="front"
              >
                ★
              </button>
              <button
                className="back"
                id={undefined}
                onClick={[Function]}
              >
                ★
              </button>
              <img
                alt="Movie poster from The Maze Runner"
                className="front"
                src="https://image.tmdb.org/t/p/w500/coss7RgL0NH6g4fC2s5atvf3dFO.jpg"
              />
              <div
                className="textBox back"
              >
                <h1
                  className="movie-title"
                >
                  The Maze Runner
                </h1>
                <p
                  className="date"
                >
                  2014
                </p>
                <p
                  className="rating"
                >
                  Rating: 7 / 10
                </p>
                <p>
                  Set in a post-apocalyptic world, young Thomas is deposited in a community of boys after his memory is erased, soon learning they're all trapped in a maze that will require him to join forces with fellow “runners” for a shot at escape.
                </p>
              </div>
            </div>,
            "className": "Card flip-container",
          },
          "ref": null,
          "rendered": Object {
            "instance": null,
            "key": undefined,
            "nodeType": "host",
            "props": Object {
              "children": Array [
                <button
                  className="front"
                >
                  ★
                </button>,
                <button
                  className="back"
                  id={undefined}
                  onClick={[Function]}
                >
                  ★
                </button>,
                <img
                  alt="Movie poster from The Maze Runner"
                  className="front"
                  src="https://image.tmdb.org/t/p/w500/coss7RgL0NH6g4fC2s5atvf3dFO.jpg"
                />,
                <div
                  className="textBox back"
                >
                  <h1
                    className="movie-title"
                  >
                    The Maze Runner
                  </h1>
                  <p
                    className="date"
                  >
                    2014
                  </p>
                  <p
                    className="rating"
                  >
                    Rating: 7 / 10
                  </p>
                  <p>
                    Set in a post-apocalyptic world, young Thomas is deposited in a community of boys after his memory is erased, soon learning they're all trapped in a maze that will require him to join forces with fellow “runners” for a shot at escape.
                  </p>
                </div>,
              ],
              "className": "posterWrapper flipper",
            },
            "ref": null,
            "rendered": Array [
              Object {
                "instance": null,
                "key": undefined,
                "nodeType": "host",
                "props": Object {
                  "children": "★",
                  "className": "front",
                },
                "ref": null,
                "rendered": "★",
                "type": "button",
              },
              Object {
                "instance": null,
                "key": undefined,
                "nodeType": "host",
                "props": Object {
                  "children": "★",
                  "className": "back",
                  "id": undefined,
                  "onClick": [Function],
                },
                "ref": null,
                "rendered": "★",
                "type": "button",
              },
              Object {
                "instance": null,
                "key": undefined,
                "nodeType": "host",
                "props": Object {
                  "alt": "Movie poster from The Maze Runner",
                  "className": "front",
                  "src": "https://image.tmdb.org/t/p/w500/coss7RgL0NH6g4fC2s5atvf3dFO.jpg",
                },
                "ref": null,
                "rendered": null,
                "type": "img",
              },
              Object {
                "instance": null,
                "key": undefined,
                "nodeType": "host",
                "props": Object {
                  "children": Array [
                    <h1
                      className="movie-title"
                    >
                      The Maze Runner
                    </h1>,
                    <p
                      className="date"
                    >
                      2014
                    </p>,
                    <p
                      className="rating"
                    >
                      Rating: 7 / 10
                    </p>,
                    <p>
                      Set in a post-apocalyptic world, young Thomas is deposited in a community of boys after his memory is erased, soon learning they're all trapped in a maze that will require him to join forces with fellow “runners” for a shot at escape.
                    </p>,
                  ],
                  "className": "textBox back",
                },
                "ref": null,
                "rendered": Array [
                  Object {
                    "instance": null,
                    "key": undefined,
                    "nodeType": "host",
                    "props": Object {
                      "children": "The Maze Runner",
                      "className": "movie-title",
                    },
                    "ref": null,
                    "rendered": "The Maze Runner",
                    "type": "h1",
                  },
                  Object {
                    "instance": null,
                    "key": undefined,
                    "nodeType": "host",
                    "props": Object {
                      "children": "2014",
                      "className": "date",
                    },
                    "ref": null,
                    "rendered": "2014",
                    "type": "p",
                  },
                  Object {
                    "instance": null,
                    "key": undefined,
                    "nodeType": "host",
                    "props": Object {
                      "children": "Rating: 7 / 10",
                      "className": "rating",
                    },
                    "ref": null,
                    "rendered": "Rating: 7 / 10",
                    "type": "p",
                  },
                  Object {
                    "instance": null,
                    "key": undefined,
                    "nodeType": "host",
                    "props": Object {
                      "children": "Set in a post-apocalyptic world, young Thomas is deposited in a community of boys after his memory is erased, soon learning they're all trapped in a maze that will require him to join forces with fellow “runners” for a shot at escape.",
                    },
                    "ref": null,
                    "rendered": "Set in a post-apocalyptic world, young Thomas is deposited in a community of boys after his memory is erased, soon learning they're all trapped in a maze that will require him to join forces with fellow “runners” for a shot at escape.",
                    "type": "p",
                  },
                ],
                "type": "div",
              },
            ],
            "type": "div",
          },
          "type": "div",
        },
        Object {
          "instance": null,
          "key": "1",
          "nodeType": "host",
          "props": Object {
            "children": <div
              className="posterWrapper flipper"
            >
              <button
                className="front"
              >
                ★
              </button>
              <button
                className="back"
                id={undefined}
                onClick={[Function]}
              >
                ★
              </button>
              <img
                alt="Movie poster from Minions"
                className="front"
                src="https://image.tmdb.org/t/p/w500/q0R4crx2SehcEEQEkYObktdeFy.jpg"
              />
              <div
                className="textBox back"
              >
                <h1
                  className="movie-title"
                >
                  Minions
                </h1>
                <p
                  className="date"
                >
                  2015
                </p>
                <p
                  className="rating"
                >
                  Rating: 6.4 / 10
                </p>
                <p>
                  Minions Stuart, Kevin and Bob are recruited by Scarlet Overkill, a super-villain who, alongside her inventor husband Herb, hatches a plot to take over the world.
                </p>
              </div>
            </div>,
            "className": "Card flip-container",
          },
          "ref": null,
          "rendered": Object {
            "instance": null,
            "key": undefined,
            "nodeType": "host",
            "props": Object {
              "children": Array [
                <button
                  className="front"
                >
                  ★
                </button>,
                <button
                  className="back"
                  id={undefined}
                  onClick={[Function]}
                >
                  ★
                </button>,
                <img
                  alt="Movie poster from Minions"
                  className="front"
                  src="https://image.tmdb.org/t/p/w500/q0R4crx2SehcEEQEkYObktdeFy.jpg"
                />,
                <div
                  className="textBox back"
                >
                  <h1
                    className="movie-title"
                  >
                    Minions
                  </h1>
                  <p
                    className="date"
                  >
                    2015
                  </p>
                  <p
                    className="rating"
                  >
                    Rating: 6.4 / 10
                  </p>
                  <p>
                    Minions Stuart, Kevin and Bob are recruited by Scarlet Overkill, a super-villain who, alongside her inventor husband Herb, hatches a plot to take over the world.
                  </p>
                </div>,
              ],
              "className": "posterWrapper flipper",
            },
            "ref": null,
            "rendered": Array [
              Object {
                "instance": null,
                "key": undefined,
                "nodeType": "host",
                "props": Object {
                  "children": "★",
                  "className": "front",
                },
                "ref": null,
                "rendered": "★",
                "type": "button",
              },
              Object {
                "instance": null,
                "key": undefined,
                "nodeType": "host",
                "props": Object {
                  "children": "★",
                  "className": "back",
                  "id": undefined,
                  "onClick": [Function],
                },
                "ref": null,
                "rendered": "★",
                "type": "button",
              },
              Object {
                "instance": null,
                "key": undefined,
                "nodeType": "host",
                "props": Object {
                  "alt": "Movie poster from Minions",
                  "className": "front",
                  "src": "https://image.tmdb.org/t/p/w500/q0R4crx2SehcEEQEkYObktdeFy.jpg",
                },
                "ref": null,
                "rendered": null,
                "type": "img",
              },
              Object {
                "instance": null,
                "key": undefined,
                "nodeType": "host",
                "props": Object {
                  "children": Array [
                    <h1
                      className="movie-title"
                    >
                      Minions
                    </h1>,
                    <p
                      className="date"
                    >
                      2015
                    </p>,
                    <p
                      className="rating"
                    >
                      Rating: 6.4 / 10
                    </p>,
                    <p>
                      Minions Stuart, Kevin and Bob are recruited by Scarlet Overkill, a super-villain who, alongside her inventor husband Herb, hatches a plot to take over the world.
                    </p>,
                  ],
                  "className": "textBox back",
                },
                "ref": null,
                "rendered": Array [
                  Object {
                    "instance": null,
                    "key": undefined,
                    "nodeType": "host",
                    "props": Object {
                      "children": "Minions",
                      "className": "movie-title",
                    },
                    "ref": null,
                    "rendered": "Minions",
                    "type": "h1",
                  },
                  Object {
                    "instance": null,
                    "key": undefined,
                    "nodeType": "host",
                    "props": Object {
                      "children": "2015",
                      "className": "date",
                    },
                    "ref": null,
                    "rendered": "2015",
                    "type": "p",
                  },
                  Object {
                    "instance": null,
                    "key": undefined,
                    "nodeType": "host",
                    "props": Object {
                      "children": "Rating: 6.4 / 10",
                      "className": "rating",
                    },
                    "ref": null,
                    "rendered": "Rating: 6.4 / 10",
                    "type": "p",
                  },
                  Object {
                    "instance": null,
                    "key": undefined,
                    "nodeType": "host",
                    "props": Object {
                      "children": "Minions Stuart, Kevin and Bob are recruited by Scarlet Overkill, a super-villain who, alongside her inventor husband Herb, hatches a plot to take over the world.",
                    },
                    "ref": null,
                    "rendered": "Minions Stuart, Kevin and Bob are recruited by Scarlet Overkill, a super-villain who, alongside her inventor husband Herb, hatches a plot to take over the world.",
                    "type": "p",
                  },
                ],
                "type": "div",
              },
            ],
            "type": "div",
          },
          "type": "div",
        },
      ],
      "type": "div",
    },
  ],
  Symbol(enzyme.__options__): Object {
    "adapter": ReactSixteenAdapter {
      "options": Object {
        "enableComponentDidUpdateOnSetState": true,
      },
    },
    "disableLifecycleMethods": true,
  },
}
`;
